// Jest Snapshot v1, https://goo.gl/fbAQLP

exports[`Disconnected Index Page should render 1`] = `
<Index
  classes={
    Object {
      "divider": "Index-divider-1",
      "logo": "Index-logo-3",
      "postPreviews": "Index-postPreviews-4",
      "postPreviewsHeader": "Index-postPreviewsHeader-6",
      "postPreviewsHeaderContainer": "Index-postPreviewsHeaderContainer-5",
      "postPreviewsHeaderContainerDivider": "Index-postPreviewsHeaderContainerDivider-8",
      "postPreviewsHeaderTitle": "Index-postPreviewsHeaderTitle-7",
      "root": "Index-root-2",
      "tag": "Index-tag-9",
      "title": "Index-title-10",
    }
  }
  metadata={
    Object {
      "finishedLoadAt": 1526859679840,
      "isLoading": false,
      "logo": Object {
        "imgix_url": "ingix_url.png",
        "url": "url.png",
      },
      "startedLoadAt": 1526859679433,
      "tag": "\\"Content is king\\" -- Bill Gates",
      "title": "My Amazing Blog",
    }
  }
  page={1}
  pages={
    Object {
      "1": Object {
        "finishedLoadAt": 1526859679918,
        "isLoading": false,
        "slugs": Array [
          "a-wonderful-blog-post-about-earth",
          "another-wonderful-blog-post-about-earth",
        ],
        "startedLoadAt": 1526859679433,
      },
    }
  }
  posts={
    Object {
      "a-wonderful-blog-post-about-earth": Object {
        "post": Object {
          "_id": "5afdbf6c44d74b4e924f1d0b",
          "bucket": "5afdbcd115bef94f7421eb0d",
          "content": "<p>When I orbited the Earth in a spaceship, I saw for the first time how beautiful our planet is. Mankind, let us preserve and increase this beauty, and not destroy it!</p><p>Space, the final frontier. These are the voyages of the Starship Enterprise. Its five-year mission: to explore strange new worlds, to seek out new life and new civilizations, to boldly go where no man has gone before.</p><p>If you could see the earth illuminated when you were in a place as dark as night, it would look to you more splendid than the moon.</p><p>To be the first to enter the cosmos, to engage, single-handed, in an unprecedented duel with nature&mdash;could one dream of anything more?</p><p>We choose to go to the moon in this decade and do the other things, not because they are easy, but because they are hard, because that goal will serve to organize and measure the best of our energies and skills, because that challenge is one that we are willing to accept, one we are unwilling to postpone, and one which we intend to win.</p><p>NASA is not about the &lsquo;Adventure of Human Space Exploration&rsquo;&hellip;We won&rsquo;t be doing it just to get out there in space &ndash; we&rsquo;ll be doing it because the things we learn out there will be making life better for a lot of people who won&rsquo;t be able to go.</p><p>Problems look mighty small from 150 miles up.</p><p>That&#39;s one small step for [a] man, one giant leap for mankind.</p><p>Where ignorance lurks, so too do the frontiers of discovery and imagination.</p><p>Dinosaurs are extinct today because they lacked opposable thumbs and the brainpower to build a space program.</p>",
          "created": "2017-10-12T13:27:49.665Z",
          "created_at": "2017-10-12T13:27:49.665Z",
          "metadata": Object {
            "author": Object {
              "_id": "5afdbf6c44d74b4e924f1d09",
              "bucket": "5afdbcd115bef94f7421eb0d",
              "content": "<p>Something about John...</p>",
              "created": "2017-10-12T13:27:49.665Z",
              "created_at": "2017-10-12T13:27:49.665Z",
              "metadata": Object {
                "image": Object {
                  "imgix_url": "https://cosmic-s3.imgix.net/9a0a85b0-23f5-11e7-875c-3f5dc9c15c2b-male.jpg",
                  "url": "https://s3-us-west-2.amazonaws.com/cosmicjs/9a0a85b0-23f5-11e7-875c-3f5dc9c15c2b-male.jpg",
                },
              },
              "metafields": Array [
                Object {
                  "children": null,
                  "imgix_url": "https://cosmic-s3.imgix.net/9a0a85b0-23f5-11e7-875c-3f5dc9c15c2b-male.jpg",
                  "key": "image",
                  "title": "Image",
                  "type": "file",
                  "url": "https://s3-us-west-2.amazonaws.com/cosmicjs/9a0a85b0-23f5-11e7-875c-3f5dc9c15c2b-male.jpg",
                  "value": "9a0a85b0-23f5-11e7-875c-3f5dc9c15c2b-male.jpg",
                },
              ],
              "modified_at": "2018-05-17T17:44:12.977Z",
              "published_at": "2018-05-17T17:44:12.977Z",
              "slug": "john-doe",
              "status": "published",
              "title": "John Doe",
              "type_slug": "authors",
            },
            "hero": Object {
              "imgix_url": "https://cosmic-s3.imgix.net/56363630-af74-11e7-b864-313f959a776e-react-blog.jpg",
              "url": "https://s3-us-west-2.amazonaws.com/cosmicjs/56363630-af74-11e7-b864-313f959a776e-react-blog.jpg",
            },
            "teaser": "<p>I don&#39;t know what you could say about a day in which you have seen four beautiful sunsets.</p><p>It suddenly struck me that that tiny pea, pretty and blue, was the Earth. I put up my thumb and shut one eye, and my thumb blotted out the planet Earth. I didn&#39;t feel like a giant. I felt very, very small....</p>",
          },
          "metafields": Array [
            Object {
              "children": null,
              "imgix_url": "https://cosmic-s3.imgix.net/56363630-af74-11e7-b864-313f959a776e-react-blog.jpg",
              "key": "hero",
              "title": "Hero",
              "type": "file",
              "url": "https://s3-us-west-2.amazonaws.com/cosmicjs/56363630-af74-11e7-b864-313f959a776e-react-blog.jpg",
              "value": "56363630-af74-11e7-b864-313f959a776e-react-blog.jpg",
            },
            Object {
              "children": null,
              "key": "teaser",
              "title": "Teaser",
              "type": "html-textarea",
              "value": "<p>I don&#39;t know what you could say about a day in which you have seen four beautiful sunsets.</p><p>It suddenly struck me that that tiny pea, pretty and blue, was the Earth. I put up my thumb and shut one eye, and my thumb blotted out the planet Earth. I didn&#39;t feel like a giant. I felt very, very small....</p>",
            },
            Object {
              "children": null,
              "key": "author",
              "object": Object {
                "_id": "5afdbf6c44d74b4e924f1d09",
                "bucket": "5afdbcd115bef94f7421eb0d",
                "content": "<p>Something about John...</p>",
                "created": "2017-10-12T13:27:49.665Z",
                "created_at": "2017-10-12T13:27:49.665Z",
                "metadata": Object {
                  "image": Object {
                    "imgix_url": "https://cosmic-s3.imgix.net/9a0a85b0-23f5-11e7-875c-3f5dc9c15c2b-male.jpg",
                    "url": "https://s3-us-west-2.amazonaws.com/cosmicjs/9a0a85b0-23f5-11e7-875c-3f5dc9c15c2b-male.jpg",
                  },
                },
                "metafields": Array [
                  Object {
                    "children": null,
                    "imgix_url": "https://cosmic-s3.imgix.net/9a0a85b0-23f5-11e7-875c-3f5dc9c15c2b-male.jpg",
                    "key": "image",
                    "title": "Image",
                    "type": "file",
                    "url": "https://s3-us-west-2.amazonaws.com/cosmicjs/9a0a85b0-23f5-11e7-875c-3f5dc9c15c2b-male.jpg",
                    "value": "9a0a85b0-23f5-11e7-875c-3f5dc9c15c2b-male.jpg",
                  },
                ],
                "modified_at": "2018-05-17T17:44:12.977Z",
                "published_at": "2018-05-17T17:44:12.977Z",
                "slug": "john-doe",
                "status": "published",
                "title": "John Doe",
                "type_slug": "authors",
              },
              "object_type": "authors",
              "title": "Author",
              "type": "object",
              "value": "5afdbf6c44d74b4e924f1d09",
            },
          ],
          "modified_at": "2017-10-12T17:39:54.476Z",
          "published_at": "2018-05-17T17:44:12.979Z",
          "slug": "a-wonderful-blog-post-about-earth",
          "status": "published",
          "title": "A Wonderful Blog Post About Earth",
          "type_slug": "posts",
        },
      },
      "another-wonderful-blog-post-about-earth": Object {
        "post": Object {
          "_id": "5afdbf6c44d74b4e924f1d0d",
          "bucket": "5afdbcd115bef94f7421eb0d",
          "content": "<p>That&#39;s one small step for [a] man, one giant leap for mankind.</p><p>To be the first to enter the cosmos, to engage, single-handed, in an unprecedented duel with nature&mdash;could one dream of anything more?</p><p>The dreams of yesterday are the hopes of today and the reality of tomorrow.</p><p>The sky is the limit only for those who aren&#39;t afraid to fly!</p><p>Problems look mighty small from 150 miles up.</p><p>There can be no thought of finishing for &lsquo;aiming for the stars.&rsquo; Both figuratively and literally, it is a task to occupy the generations. And no matter how much progress one makes, there is always the thrill of just beginning.</p><p>There can be no thought of finishing for &lsquo;aiming for the stars.&rsquo; Both figuratively and literally, it is a task to occupy the generations. And no matter how much progress one makes, there is always the thrill of just beginning.</p><p>There can be no thought of finishing for &lsquo;aiming for the stars.&rsquo; Both figuratively and literally, it is a task to occupy the generations. And no matter how much progress one makes, there is always the thrill of just beginning.</p><p>Houston, Tranquillity Base here. The Eagle has landed.</p><p>You know, being a test pilot isn&#39;t always the healthiest business in the world.</p>",
          "created": "2017-10-12T13:27:49.666Z",
          "created_at": "2017-10-12T13:27:49.666Z",
          "metadata": Object {
            "author": Object {
              "_id": "5afdbf6c44d74b4e924f1d06",
              "bucket": "5afdbcd115bef94f7421eb0d",
              "content": "<p>Something about Jane...</p>",
              "created": "2017-10-12T13:27:49.663Z",
              "created_at": "2017-10-12T13:27:49.663Z",
              "metadata": Object {
                "image": Object {
                  "imgix_url": "https://cosmic-s3.imgix.net/99f48cb0-23f5-11e7-875c-3f5dc9c15c2b-female.jpg",
                  "url": "https://s3-us-west-2.amazonaws.com/cosmicjs/99f48cb0-23f5-11e7-875c-3f5dc9c15c2b-female.jpg",
                },
              },
              "metafields": Array [
                Object {
                  "children": null,
                  "imgix_url": "https://cosmic-s3.imgix.net/99f48cb0-23f5-11e7-875c-3f5dc9c15c2b-female.jpg",
                  "key": "image",
                  "title": "Image",
                  "type": "file",
                  "url": "https://s3-us-west-2.amazonaws.com/cosmicjs/99f48cb0-23f5-11e7-875c-3f5dc9c15c2b-female.jpg",
                  "value": "99f48cb0-23f5-11e7-875c-3f5dc9c15c2b-female.jpg",
                },
              ],
              "modified_at": "2018-05-17T17:44:12.973Z",
              "published_at": "2018-05-17T17:44:12.973Z",
              "slug": "jane-doe",
              "status": "published",
              "title": "Jane Doe",
              "type_slug": "authors",
            },
            "categories": Array [
              null,
              null,
            ],
            "hero": Object {
              "imgix_url": "https://cosmic-s3.imgix.net/99fd6650-23f5-11e7-875c-3f5dc9c15c2b-beach.jpg",
              "url": "https://s3-us-west-2.amazonaws.com/cosmicjs/99fd6650-23f5-11e7-875c-3f5dc9c15c2b-beach.jpg",
            },
            "teaser": "<p>Science cuts two ways, of course; its products can be used for both good and evil. But there&#39;s no turning back from science. The early warnings about technological dangers also come from science.</p><p>Houston, Tranquillity Base here. The Eagle has landed...</p>",
          },
          "metafields": Array [
            Object {
              "children": null,
              "imgix_url": "https://cosmic-s3.imgix.net/99fd6650-23f5-11e7-875c-3f5dc9c15c2b-beach.jpg",
              "key": "hero",
              "title": "Hero",
              "type": "file",
              "url": "https://s3-us-west-2.amazonaws.com/cosmicjs/99fd6650-23f5-11e7-875c-3f5dc9c15c2b-beach.jpg",
              "value": "99fd6650-23f5-11e7-875c-3f5dc9c15c2b-beach.jpg",
            },
            Object {
              "children": null,
              "key": "teaser",
              "title": "Teaser",
              "type": "html-textarea",
              "value": "<p>Science cuts two ways, of course; its products can be used for both good and evil. But there&#39;s no turning back from science. The early warnings about technological dangers also come from science.</p><p>Houston, Tranquillity Base here. The Eagle has landed...</p>",
            },
            Object {
              "children": null,
              "key": "author",
              "object": Object {
                "_id": "5afdbf6c44d74b4e924f1d06",
                "bucket": "5afdbcd115bef94f7421eb0d",
                "content": "<p>Something about Jane...</p>",
                "created": "2017-10-12T13:27:49.663Z",
                "created_at": "2017-10-12T13:27:49.663Z",
                "metadata": Object {
                  "image": Object {
                    "imgix_url": "https://cosmic-s3.imgix.net/99f48cb0-23f5-11e7-875c-3f5dc9c15c2b-female.jpg",
                    "url": "https://s3-us-west-2.amazonaws.com/cosmicjs/99f48cb0-23f5-11e7-875c-3f5dc9c15c2b-female.jpg",
                  },
                },
                "metafields": Array [
                  Object {
                    "children": null,
                    "imgix_url": "https://cosmic-s3.imgix.net/99f48cb0-23f5-11e7-875c-3f5dc9c15c2b-female.jpg",
                    "key": "image",
                    "title": "Image",
                    "type": "file",
                    "url": "https://s3-us-west-2.amazonaws.com/cosmicjs/99f48cb0-23f5-11e7-875c-3f5dc9c15c2b-female.jpg",
                    "value": "99f48cb0-23f5-11e7-875c-3f5dc9c15c2b-female.jpg",
                  },
                ],
                "modified_at": "2018-05-17T17:44:12.973Z",
                "published_at": "2018-05-17T17:44:12.973Z",
                "slug": "jane-doe",
                "status": "published",
                "title": "Jane Doe",
                "type_slug": "authors",
              },
              "object_type": "authors",
              "title": "Author",
              "type": "object",
              "value": "5afdbf6c44d74b4e924f1d06",
            },
            Object {
              "children": null,
              "key": "categories",
              "object_type": "categories",
              "objects": Array [
                null,
                null,
              ],
              "title": "Categories",
              "type": "objects",
              "value": "58f565290687f7353b0009bb,58f565210687f7353b0009ba",
            },
          ],
          "modified_at": "2018-05-17T17:44:12.981Z",
          "published_at": "2018-05-17T17:44:12.981Z",
          "slug": "another-wonderful-blog-post-about-earth",
          "status": "published",
          "title": "Another Wonderful Blog Post About Earth",
          "type_slug": "posts",
        },
      },
    }
  }
/>
`;
